[2026-09-22 14:59:57] local.ERROR: session_start(): Session cannot be started after headers have already been sent (sent from /Users/mab/Zee/Projects/dottscale/allomate-WebNCMS/vendor/composer/autoload_real.php on line 41) {"exception":"[object] (ErrorException(code: 0): session_start(): Session cannot be started after headers have already been sent (sent from /Users/mab/Zee/Projects/dottscale/allomate-WebNCMS/vendor/composer/autoload_real.php on line 41) at /Users/mab/Zee/Projects/dottscale/allomate-WebNCMS/vendor/hansschouten/phpagebuilder/src/PHPageBuilder.php:56)
[stacktrace]
#0 [internal function]: Illuminate\\Foundation\\Bootstrap\\HandleExceptions->handleError(2, 'session_start()...', '/Users/mab/Zee/...', 56)
#1 /Users/mab/Zee/Projects/dottscale/allomate-WebNCMS/vendor/hansschouten/phpagebuilder/src/PHPageBuilder.php(56): session_start()
#2 /Users/mab/Zee/Projects/dottscale/allomate-WebNCMS/vendor/hansschouten/laravel-pagebuilder/src/ServiceProvider.php(45): PHPageBuilder\\PHPageBuilder->__construct(Array)
#3 /Users/mab/Zee/Projects/dottscale/allomate-WebNCMS/vendor/laravel/framework/src/Illuminate/Container/Container.php(873): HansSchouten\\LaravelPageBuilder\\ServiceProvider->{closure:HansSchouten\\LaravelPageBuilder\\ServiceProvider::boot():44}(Object(Illuminate\\Foundation\\Application), Array)
#4 /Users/mab/Zee/Projects/dottscale/allomate-WebNCMS/vendor/laravel/framework/src/Illuminate/Container/Container.php(758): Illuminate\\Container\\Container->build(Object(Closure))
#5 /Users/mab/Zee/Projects/dottscale/allomate-WebNCMS/vendor/laravel/framework/src/Illuminate/Foundation/Application.php(851): Illuminate\\Container\\Container->resolve('phpPageBuilder', Array, true)
#6 /Users/mab/Zee/Projects/dottscale/allomate-WebNCMS/vendor/laravel/framework/src/Illuminate/Container/Container.php(694): Illuminate\\Foundation\\Application->resolve('phpPageBuilder', Array)
#7 /Users/mab/Zee/Projects/dottscale/allomate-WebNCMS/vendor/laravel/framework/src/Illuminate/Foundation/Application.php(836): Illuminate\\Container\\Container->make('phpPageBuilder', Array)
#8 /Users/mab/Zee/Projects/dottscale/allomate-WebNCMS/vendor/hansschouten/laravel-pagebuilder/src/ServiceProvider.php(47): Illuminate\\Foundation\\Application->make('phpPageBuilder')
#9 /Users/mab/Zee/Projects/dottscale/allomate-WebNCMS/vendor/laravel/framework/src/Illuminate/Container/BoundMethod.php(36): HansSchouten\\LaravelPageBuilder\\ServiceProvider->boot()
#10 /Users/mab/Zee/Projects/dottscale/allomate-WebNCMS/vendor/laravel/framework/src/Illuminate/Container/Util.php(40): Illuminate\\Container\\BoundMethod::{closure:Illuminate\\Container\\BoundMethod::call():35}()
#11 /Users/mab/Zee/Projects/dottscale/allomate-WebNCMS/vendor/laravel/framework/src/Illuminate/Container/BoundMethod.php(93): Illuminate\\Container\\Util::unwrapIfClosure(Object(Closure))
#12 /Users/mab/Zee/Projects/dottscale/allomate-WebNCMS/vendor/laravel/framework/src/Illuminate/Container/BoundMethod.php(35): Illuminate\\Container\\BoundMethod::callBoundMethod(Object(Illuminate\\Foundation\\Application), Array, Object(Closure))
#13 /Users/mab/Zee/Projects/dottscale/allomate-WebNCMS/vendor/laravel/framework/src/Illuminate/Container/Container.php(653): Illuminate\\Container\\BoundMethod::call(Object(Illuminate\\Foundation\\Application), Array, Array, NULL)
#14 /Users/mab/Zee/Projects/dottscale/allomate-WebNCMS/vendor/laravel/framework/src/Illuminate/Foundation/Application.php(924): Illuminate\\Container\\Container->call(Array)
#15 /Users/mab/Zee/Projects/dottscale/allomate-WebNCMS/vendor/laravel/framework/src/Illuminate/Foundation/Application.php(905): Illuminate\\Foundation\\Application->bootProvider(Object(HansSchouten\\LaravelPageBuilder\\ServiceProvider))
#16 [internal function]: Illuminate\\Foundation\\Application->{closure:Illuminate\\Foundation\\Application::boot():904}(Object(HansSchouten\\LaravelPageBuilder\\ServiceProvider), 17)
#17 /Users/mab/Zee/Projects/dottscale/allomate-WebNCMS/vendor/laravel/framework/src/Illuminate/Foundation/Application.php(904): array_walk(Array, Object(Closure))
#18 /Users/mab/Zee/Projects/dottscale/allomate-WebNCMS/vendor/laravel/framework/src/Illuminate/Foundation/Bootstrap/BootProviders.php(17): Illuminate\\Foundation\\Application->boot()
#19 /Users/mab/Zee/Projects/dottscale/allomate-WebNCMS/vendor/laravel/framework/src/Illuminate/Foundation/Application.php(237): Illuminate\\Foundation\\Bootstrap\\BootProviders->bootstrap(Object(Illuminate\\Foundation\\Application))
#20 /Users/mab/Zee/Projects/dottscale/allomate-WebNCMS/vendor/laravel/framework/src/Illuminate/Foundation/Console/Kernel.php(310): Illuminate\\Foundation\\Application->bootstrapWith(Array)
#21 /Users/mab/Zee/Projects/dottscale/allomate-WebNCMS/vendor/laravel/framework/src/Illuminate/Foundation/Console/Kernel.php(127): Illuminate\\Foundation\\Console\\Kernel->bootstrap()
#22 /Users/mab/Zee/Projects/dottscale/allomate-WebNCMS/artisan(35): Illuminate\\Foundation\\Console\\Kernel->handle(Object(Symfony\\Component\\Console\\Input\\ArgvInput), Object(Symfony\\Component\\Console\\Output\\ConsoleOutput))
#23 {main}
"} 
[2026-09-22 15:00:03] local.ERROR: SQLSTATE[HY000] [1045] Access denied for user 'root'@'localhost' (using password: NO) {"exception":"[object] (PDOException(code: 1045): SQLSTATE[HY000] [1045] Access denied for user 'root'@'localhost' (using password: NO) at /Users/mab/Zee/Projects/dottscale/allomate-WebNCMS/vendor/hansschouten/phpagebuilder/src/Core/DB.php:28)
[stacktrace]
#0 /Users/mab/Zee/Projects/dottscale/allomate-WebNCMS/vendor/hansschouten/phpagebuilder/src/Core/DB.php(28): PDO->__construct('mysql:host=loca...', 'root', Object(SensitiveParameterValue), Array)
#1 /Users/mab/Zee/Projects/dottscale/allomate-WebNCMS/vendor/hansschouten/phpagebuilder/src/PHPageBuilder.php(139): PHPageBuilder\\Core\\DB->__construct(Array)
#2 /Users/mab/Zee/Projects/dottscale/allomate-WebNCMS/vendor/hansschouten/phpagebuilder/src/PHPageBuilder.php(70): PHPageBuilder\\PHPageBuilder->setDatabaseConnection(Array)
#3 /Users/mab/Zee/Projects/dottscale/allomate-WebNCMS/vendor/hansschouten/laravel-pagebuilder/src/ServiceProvider.php(45): PHPageBuilder\\PHPageBuilder->__construct(Array)
#4 /Users/mab/Zee/Projects/dottscale/allomate-WebNCMS/vendor/laravel/framework/src/Illuminate/Container/Container.php(873): HansSchouten\\LaravelPageBuilder\\ServiceProvider->{closure:HansSchouten\\LaravelPageBuilder\\ServiceProvider::boot():44}(Object(Illuminate\\Foundation\\Application), Array)
#5 /Users/mab/Zee/Projects/dottscale/allomate-WebNCMS/vendor/laravel/framework/src/Illuminate/Container/Container.php(758): Illuminate\\Container\\Container->build(Object(Closure))
#6 /Users/mab/Zee/Projects/dottscale/allomate-WebNCMS/vendor/laravel/framework/src/Illuminate/Foundation/Application.php(851): Illuminate\\Container\\Container->resolve('phpPageBuilder', Array, true)
#7 /Users/mab/Zee/Projects/dottscale/allomate-WebNCMS/vendor/laravel/framework/src/Illuminate/Container/Container.php(694): Illuminate\\Foundation\\Application->resolve('phpPageBuilder', Array)
#8 /Users/mab/Zee/Projects/dottscale/allomate-WebNCMS/vendor/laravel/framework/src/Illuminate/Foundation/Application.php(836): Illuminate\\Container\\Container->make('phpPageBuilder', Array)
#9 /Users/mab/Zee/Projects/dottscale/allomate-WebNCMS/vendor/hansschouten/laravel-pagebuilder/src/ServiceProvider.php(47): Illuminate\\Foundation\\Application->make('phpPageBuilder')
#10 /Users/mab/Zee/Projects/dottscale/allomate-WebNCMS/vendor/laravel/framework/src/Illuminate/Container/BoundMethod.php(36): HansSchouten\\LaravelPageBuilder\\ServiceProvider->boot()
#11 /Users/mab/Zee/Projects/dottscale/allomate-WebNCMS/vendor/laravel/framework/src/Illuminate/Container/Util.php(40): Illuminate\\Container\\BoundMethod::{closure:Illuminate\\Container\\BoundMethod::call():35}()
#12 /Users/mab/Zee/Projects/dottscale/allomate-WebNCMS/vendor/laravel/framework/src/Illuminate/Container/BoundMethod.php(93): Illuminate\\Container\\Util::unwrapIfClosure(Object(Closure))
#13 /Users/mab/Zee/Projects/dottscale/allomate-WebNCMS/vendor/laravel/framework/src/Illuminate/Container/BoundMethod.php(35): Illuminate\\Container\\BoundMethod::callBoundMethod(Object(Illuminate\\Foundation\\Application), Array, Object(Closure))
#14 /Users/mab/Zee/Projects/dottscale/allomate-WebNCMS/vendor/laravel/framework/src/Illuminate/Container/Container.php(653): Illuminate\\Container\\BoundMethod::call(Object(Illuminate\\Foundation\\Application), Array, Array, NULL)
#15 /Users/mab/Zee/Projects/dottscale/allomate-WebNCMS/vendor/laravel/framework/src/Illuminate/Foundation/Application.php(924): Illuminate\\Container\\Container->call(Array)
#16 /Users/mab/Zee/Projects/dottscale/allomate-WebNCMS/vendor/laravel/framework/src/Illuminate/Foundation/Application.php(905): Illuminate\\Foundation\\Application->bootProvider(Object(HansSchouten\\LaravelPageBuilder\\ServiceProvider))
#17 [internal function]: Illuminate\\Foundation\\Application->{closure:Illuminate\\Foundation\\Application::boot():904}(Object(HansSchouten\\LaravelPageBuilder\\ServiceProvider), 17)
#18 /Users/mab/Zee/Projects/dottscale/allomate-WebNCMS/vendor/laravel/framework/src/Illuminate/Foundation/Application.php(904): array_walk(Array, Object(Closure))
#19 /Users/mab/Zee/Projects/dottscale/allomate-WebNCMS/vendor/laravel/framework/src/Illuminate/Foundation/Bootstrap/BootProviders.php(17): Illuminate\\Foundation\\Application->boot()
#20 /Users/mab/Zee/Projects/dottscale/allomate-WebNCMS/vendor/laravel/framework/src/Illuminate/Foundation/Application.php(237): Illuminate\\Foundation\\Bootstrap\\BootProviders->bootstrap(Object(Illuminate\\Foundation\\Application))
#21 /Users/mab/Zee/Projects/dottscale/allomate-WebNCMS/vendor/laravel/framework/src/Illuminate/Foundation/Console/Kernel.php(310): Illuminate\\Foundation\\Application->bootstrapWith(Array)
#22 /Users/mab/Zee/Projects/dottscale/allomate-WebNCMS/vendor/laravel/framework/src/Illuminate/Foundation/Console/Kernel.php(127): Illuminate\\Foundation\\Console\\Kernel->bootstrap()
#23 /Users/mab/Zee/Projects/dottscale/allomate-WebNCMS/artisan(35): Illuminate\\Foundation\\Console\\Kernel->handle(Object(Symfony\\Component\\Console\\Input\\ArgvInput), Object(Symfony\\Component\\Console\\Output\\ConsoleOutput))
#24 {main}
"} 
[2026-09-22 15:00:19] local.ERROR: SQLSTATE[HY000] [1045] Access denied for user 'root'@'localhost' (using password: NO) {"exception":"[object] (PDOException(code: 1045): SQLSTATE[HY000] [1045] Access denied for user 'root'@'localhost' (using password: NO) at /Users/mab/Zee/Projects/dottscale/allomate-WebNCMS/vendor/hansschouten/phpagebuilder/src/Core/DB.php:28)
[stacktrace]
#0 /Users/mab/Zee/Projects/dottscale/allomate-WebNCMS/vendor/hansschouten/phpagebuilder/src/Core/DB.php(28): PDO->__construct('mysql:host=loca...', 'root', Object(SensitiveParameterValue), Array)
#1 /Users/mab/Zee/Projects/dottscale/allomate-WebNCMS/vendor/hansschouten/phpagebuilder/src/PHPageBuilder.php(139): PHPageBuilder\\Core\\DB->__construct(Array)
#2 /Users/mab/Zee/Projects/dottscale/allomate-WebNCMS/vendor/hansschouten/phpagebuilder/src/PHPageBuilder.php(70): PHPageBuilder\\PHPageBuilder->setDatabaseConnection(Array)
#3 /Users/mab/Zee/Projects/dottscale/allomate-WebNCMS/vendor/hansschouten/laravel-pagebuilder/src/ServiceProvider.php(45): PHPageBuilder\\PHPageBuilder->__construct(Array)
#4 /Users/mab/Zee/Projects/dottscale/allomate-WebNCMS/vendor/laravel/framework/src/Illuminate/Container/Container.php(873): HansSchouten\\LaravelPageBuilder\\ServiceProvider->{closure:HansSchouten\\LaravelPageBuilder\\ServiceProvider::boot():44}(Object(Illuminate\\Foundation\\Application), Array)
#5 /Users/mab/Zee/Projects/dottscale/allomate-WebNCMS/vendor/laravel/framework/src/Illuminate/Container/Container.php(758): Illuminate\\Container\\Container->build(Object(Closure))
#6 /Users/mab/Zee/Projects/dottscale/allomate-WebNCMS/vendor/laravel/framework/src/Illuminate/Foundation/Application.php(851): Illuminate\\Container\\Container->resolve('phpPageBuilder', Array, true)
#7 /Users/mab/Zee/Projects/dottscale/allomate-WebNCMS/vendor/laravel/framework/src/Illuminate/Container/Container.php(694): Illuminate\\Foundation\\Application->resolve('phpPageBuilder', Array)
#8 /Users/mab/Zee/Projects/dottscale/allomate-WebNCMS/vendor/laravel/framework/src/Illuminate/Foundation/Application.php(836): Illuminate\\Container\\Container->make('phpPageBuilder', Array)
#9 /Users/mab/Zee/Projects/dottscale/allomate-WebNCMS/vendor/hansschouten/laravel-pagebuilder/src/ServiceProvider.php(47): Illuminate\\Foundation\\Application->make('phpPageBuilder')
#10 /Users/mab/Zee/Projects/dottscale/allomate-WebNCMS/vendor/laravel/framework/src/Illuminate/Container/BoundMethod.php(36): HansSchouten\\LaravelPageBuilder\\ServiceProvider->boot()
#11 /Users/mab/Zee/Projects/dottscale/allomate-WebNCMS/vendor/laravel/framework/src/Illuminate/Container/Util.php(40): Illuminate\\Container\\BoundMethod::{closure:Illuminate\\Container\\BoundMethod::call():35}()
#12 /Users/mab/Zee/Projects/dottscale/allomate-WebNCMS/vendor/laravel/framework/src/Illuminate/Container/BoundMethod.php(93): Illuminate\\Container\\Util::unwrapIfClosure(Object(Closure))
#13 /Users/mab/Zee/Projects/dottscale/allomate-WebNCMS/vendor/laravel/framework/src/Illuminate/Container/BoundMethod.php(35): Illuminate\\Container\\BoundMethod::callBoundMethod(Object(Illuminate\\Foundation\\Application), Array, Object(Closure))
#14 /Users/mab/Zee/Projects/dottscale/allomate-WebNCMS/vendor/laravel/framework/src/Illuminate/Container/Container.php(653): Illuminate\\Container\\BoundMethod::call(Object(Illuminate\\Foundation\\Application), Array, Array, NULL)
#15 /Users/mab/Zee/Projects/dottscale/allomate-WebNCMS/vendor/laravel/framework/src/Illuminate/Foundation/Application.php(924): Illuminate\\Container\\Container->call(Array)
#16 /Users/mab/Zee/Projects/dottscale/allomate-WebNCMS/vendor/laravel/framework/src/Illuminate/Foundation/Application.php(905): Illuminate\\Foundation\\Application->bootProvider(Object(HansSchouten\\LaravelPageBuilder\\ServiceProvider))
#17 [internal function]: Illuminate\\Foundation\\Application->{closure:Illuminate\\Foundation\\Application::boot():904}(Object(HansSchouten\\LaravelPageBuilder\\ServiceProvider), 17)
#18 /Users/mab/Zee/Projects/dottscale/allomate-WebNCMS/vendor/laravel/framework/src/Illuminate/Foundation/Application.php(904): array_walk(Array, Object(Closure))
#19 /Users/mab/Zee/Projects/dottscale/allomate-WebNCMS/vendor/laravel/framework/src/Illuminate/Foundation/Bootstrap/BootProviders.php(17): Illuminate\\Foundation\\Application->boot()
#20 /Users/mab/Zee/Projects/dottscale/allomate-WebNCMS/vendor/laravel/framework/src/Illuminate/Foundation/Application.php(237): Illuminate\\Foundation\\Bootstrap\\BootProviders->bootstrap(Object(Illuminate\\Foundation\\Application))
#21 /Users/mab/Zee/Projects/dottscale/allomate-WebNCMS/vendor/laravel/framework/src/Illuminate/Foundation/Console/Kernel.php(310): Illuminate\\Foundation\\Application->bootstrapWith(Array)
#22 /Users/mab/Zee/Projects/dottscale/allomate-WebNCMS/vendor/laravel/framework/src/Illuminate/Foundation/Console/Kernel.php(127): Illuminate\\Foundation\\Console\\Kernel->bootstrap()
#23 /Users/mab/Zee/Projects/dottscale/allomate-WebNCMS/artisan(35): Illuminate\\Foundation\\Console\\Kernel->handle(Object(Symfony\\Component\\Console\\Input\\ArgvInput), Object(Symfony\\Component\\Console\\Output\\ConsoleOutput))
#24 {main}
"} 
